// Jest Snapshot v1, https://goo.gl/fbAQLP

exports[`Test on <Add Category /> should show correctly 1`] = `
<form
  onSubmit={[Function]}
>
  <p />
  <input
    onChange={[Function]}
    placeholder="Ingrese CategorÃ­a"
    type="text"
    value=""
  />
</form>
`;
